// Jest Snapshot v1, https://goo.gl/fbAQLP

exports[`ListArticles component shows articles 1`] = `"<div><h1>Articles in the database</h1><div><form><label>Category:<input id=\\"category-query\\" value=\\"\\"><button>Filter</button></label></form></div><p></p><h2>article 1</h2><p><i>Written by: </i></p><p></p><p></p><h2>article 2</h2><p><i>Written by: </i></p><p></p></div>"`;

exports[`ListArticles component shows error message 1`] = `"<div><h1>Error</h1><div>Error: Something went wrong</div><div id=\\"error-text\\">Error: Something went wrong</div></div>"`;

exports[`ListArticles component shows loading screen 1`] = `"<div>Loading...</div>"`;
